\BOOKMARK [0][-]{chapter*.1}{\376\377\000P\000r\000e\000f\000a\000c\000e}{}% 1
\BOOKMARK [0][-]{chapter.3}{\376\377\000B\000a\000c\000k\000g\000r\000o\000u\000n\000d\000\040\000M\000a\000t\000h\000e\000m\000a\000t\000i\000c\000s\000\040\000f\000o\000r\000\040\000L\000i\000n\000e\000a\000r\000\040\000O\000p\000t\000i\000m\000i\000z\000a\000t\000i\000o\000n}{}% 2
\BOOKMARK [1][-]{section.4}{\376\377\000L\000i\000n\000e\000s\000\040\000a\000n\000d\000\040\000P\000l\000a\000n\000e\000s}{chapter.3}% 3
\BOOKMARK [1][-]{section.57}{\376\377\000U\000s\000i\000n\000g\000\040\000S\000o\000f\000t\000w\000a\000r\000e\000\040\000f\000o\000r\000\040\000P\000l\000o\000t\000t\000i\000n\000g}{chapter.3}% 4
\BOOKMARK [1][-]{section.78}{\376\377\000M\000a\000t\000r\000i\000c\000e\000s\000\040\000a\000n\000d\000\040\000M\000a\000t\000r\000i\000x\000\040\000R\000e\000d\000u\000c\000t\000i\000o\000n}{chapter.3}% 5
\BOOKMARK [1][-]{section.151}{\376\377\000U\000s\000i\000n\000g\000\040\000S\000o\000f\000t\000w\000a\000r\000e\000\040\000t\000o\000\040\000P\000e\000r\000f\000o\000r\000m\000\040\000M\000a\000t\000r\000i\000x\000\040\000P\000i\000v\000o\000t\000s}{chapter.3}% 6
\BOOKMARK [0][-]{chapter.180}{\376\377\000D\000e\000v\000e\000l\000o\000p\000i\000n\000g\000\040\000L\000i\000n\000e\000a\000r\000\040\000M\000o\000d\000e\000l\000s}{}% 7
\BOOKMARK [1][-]{section.181}{\376\377\000I\000n\000t\000r\000o\000d\000u\000c\000t\000i\000o\000n\000\040\000t\000o\000\040\000L\000i\000n\000e\000a\000r\000\040\000O\000p\000t\000i\000m\000i\000z\000a\000t\000i\000o\000n}{chapter.180}% 8
\BOOKMARK [1][-]{section.242}{\376\377\000L\000i\000n\000e\000a\000r\000\040\000O\000p\000t\000i\000m\000i\000z\000a\000t\000i\000o\000n\000\040\000P\000r\000o\000b\000l\000e\000m\000s}{chapter.180}% 9
\BOOKMARK [1][-]{section.265}{\376\377\000G\000e\000o\000m\000e\000t\000r\000y\000\040\000o\000f\000\040\000F\000e\000a\000s\000i\000b\000l\000e\000\040\000S\000e\000t\000s}{chapter.180}% 10
\BOOKMARK [0][-]{chapter.299}{\376\377\000T\000h\000e\000\040\000S\000i\000m\000p\000l\000e\000x\000\040\000M\000e\000t\000h\000o\000d}{}% 11
\BOOKMARK [1][-]{section.300}{\376\377\000S\000l\000a\000c\000k\000\040\000V\000a\000r\000i\000a\000b\000l\000e\000s\000\040\000a\000n\000d\000\040\000D\000i\000c\000t\000i\000o\000n\000a\000r\000i\000e\000s}{chapter.299}% 12
\BOOKMARK [1][-]{section.326}{\376\377\000T\000a\000b\000l\000e\000a\000u\000s\000\040\000a\000n\000d\000\040\000t\000h\000e\000\040\000S\000i\000m\000p\000l\000e\000x\000\040\000M\000e\000t\000h\000o\000d}{chapter.299}% 13
\BOOKMARK [1][-]{section.353}{\376\377\000S\000i\000m\000p\000l\000e\000x\000\040\000M\000e\000t\000h\000o\000d\000\040\000f\000o\000r\000\040\000I\000n\000f\000e\000a\000s\000i\000b\000l\000e\000\040\000T\000a\000b\000l\000e\000a\000u\000s}{chapter.299}% 14
\BOOKMARK [1][-]{section.385}{\376\377\000I\000n\000f\000e\000a\000s\000i\000b\000i\000l\000i\000t\000y\000\040\000a\000n\000d\000\040\000U\000n\000b\000o\000u\000n\000d\000e\000d\000n\000e\000s\000s}{chapter.299}% 15
\BOOKMARK [1][-]{section.397}{\376\377\000S\000u\000m\000m\000a\000r\000y\000\040\000o\000f\000\040\000t\000h\000e\000\040\000S\000i\000m\000p\000l\000e\000x\000\040\000M\000e\000t\000h\000o\000d}{chapter.299}% 16
\BOOKMARK [0][-]{chapter.414}{\376\377\000I\000n\000t\000e\000g\000e\000r\000\040\000L\000i\000n\000e\000a\000r\000\040\000O\000p\000t\000i\000m\000i\000z\000a\000t\000i\000o\000n\000\040\000P\000r\000o\000b\000l\000e\000m\000s}{}% 17
\BOOKMARK [1][-]{section.415}{\376\377\000I\000n\000t\000r\000o\000d\000u\000c\000t\000i\000o\000n\000\040\000t\000o\000\040\000I\000n\000t\000e\000g\000e\000r\000\040\000L\000i\000n\000e\000a\000r\000\040\000O\000p\000t\000i\000m\000i\000z\000a\000t\000i\000o\000n\000\040\000P\000r\000o\000b\000l\000e\000m\000s}{chapter.414}% 18
\BOOKMARK [1][-]{section.431}{\376\377\000C\000u\000t\000t\000i\000n\000g\000\040\000P\000l\000a\000n\000e\000s}{chapter.414}% 19
\BOOKMARK [1][-]{section.459}{\376\377\000B\000r\000a\000n\000c\000h\000\040\000a\000n\000d\000\040\000B\000o\000u\000n\000d}{chapter.414}% 20
\BOOKMARK [0][-]{chapter.505}{\376\377\000S\000o\000l\000v\000i\000n\000g\000\040\000L\000i\000n\000e\000a\000r\000\040\000O\000p\000t\000i\000m\000i\000z\000a\000t\000i\000o\000n\000\040\000P\000r\000o\000b\000l\000e\000m\000s\000\040\000u\000s\000i\000n\000g\000\040\000S\000o\000f\000t\000w\000a\000r\000e}{}% 21
\BOOKMARK [1][-]{section.506}{\376\377\000I\000n\000t\000r\000o\000d\000u\000c\000t\000i\000o\000n\000\040\000t\000o\000\040\000t\000h\000e\000\040\000J\000u\000l\000i\000a\000\040\000L\000a\000n\000g\000u\000a\000g\000e}{chapter.505}% 22
\BOOKMARK [1][-]{section.550}{\376\377\000V\000e\000c\000t\000o\000r\000s\000\040\000a\000n\000d\000\040\000M\000a\000t\000r\000i\000c\000e\000s\000\040\000i\000n\000\040\000J\000u\000l\000i\000a}{chapter.505}% 23
\BOOKMARK [1][-]{section.585}{\376\377\000L\000i\000n\000e\000a\000r\000\040\000A\000l\000g\000e\000b\000r\000a\000\040\000i\000n\000\040\000J\000u\000l\000i\000a}{chapter.505}% 24
\BOOKMARK [1][-]{section.596}{\376\377\000J\000u\000l\000i\000a\000\040\000P\000a\000c\000k\000a\000g\000e\000s\000\040\000f\000o\000r\000\040\000L\000O\000P\000s}{chapter.505}% 25
\BOOKMARK [1][-]{section.670}{\376\377\000C\000u\000t\000t\000i\000n\000g\000\040\000P\000l\000a\000n\000e\000s\000\040\000a\000n\000d\000\040\000B\000r\000a\000n\000c\000h\000\040\000a\000n\000d\000\040\000B\000o\000u\000n\000d\000\040\000w\000i\000t\000h\000\040\000J\000u\000l\000i\000a}{chapter.505}% 26
\BOOKMARK [0][-]{chapter.785}{\376\377\000D\000u\000a\000l\000\040\000P\000r\000o\000b\000l\000e\000m\000s}{}% 27
\BOOKMARK [1][-]{section.786}{\376\377\000I\000n\000t\000r\000o\000d\000u\000c\000t\000i\000o\000n\000\040\000t\000o\000\040\000D\000u\000a\000l\000\040\000P\000r\000o\000b\000l\000e\000m\000s}{chapter.785}% 28
\BOOKMARK [1][-]{section.818}{\376\377\000P\000r\000i\000m\000a\000l\000-\000D\000u\000a\000l\000\040\000R\000e\000l\000a\000t\000i\000o\000n\000s\000h\000i\000p\000s}{chapter.785}% 29
\BOOKMARK [1][-]{section.842}{\376\377\000F\000i\000n\000d\000i\000n\000g\000\040\000O\000p\000t\000i\000m\000a\000l\000\040\000C\000e\000r\000t\000i\000f\000i\000c\000a\000t\000e\000s}{chapter.785}% 30
\BOOKMARK [0][-]{chapter.850}{\376\377\000G\000e\000n\000e\000r\000a\000l\000\040\000L\000i\000n\000e\000a\000r\000\040\000O\000p\000t\000i\000m\000i\000z\000a\000t\000i\000o\000n\000\040\000P\000r\000o\000b\000l\000e\000m\000s}{}% 31
\BOOKMARK [1][-]{section.851}{\376\377\000G\000e\000n\000e\000r\000a\000l\000\040\000F\000o\000r\000m\000\040\000o\000f\000\040\000a\000n\000\040\000L\000O\000P}{chapter.850}% 32
\BOOKMARK [1][-]{section.878}{\376\377\000S\000o\000l\000v\000i\000n\000g\000\040\000G\000e\000n\000e\000r\000a\000l\000\040\000L\000i\000n\000e\000a\000r\000\040\000O\000p\000t\000i\000m\000i\000z\000a\000t\000i\000o\000n\000\040\000P\000r\000o\000b\000l\000e\000m\000s}{chapter.850}% 33
\BOOKMARK [1][-]{section.895}{\376\377\000G\000e\000n\000e\000r\000a\000l\000\040\000D\000u\000a\000l\000\040\000P\000r\000o\000b\000l\000e\000m\000s}{chapter.850}% 34
\BOOKMARK [1][-]{section.896}{\376\377\000G\000e\000n\000e\000r\000a\000l\000\040\000A\000p\000p\000l\000i\000e\000d\000\040\000P\000r\000o\000b\000l\000e\000m\000s}{chapter.850}% 35
\BOOKMARK [0][-]{chapter.915}{\376\377\000M\000a\000t\000r\000i\000x\000\040\000F\000o\000r\000m\000u\000l\000a\000t\000i\000o\000n\000\040\000o\000f\000\040\000L\000i\000n\000e\000a\000r\000\040\000O\000p\000t\000i\000m\000i\000z\000a\000t\000i\000o\000n\000\040\000P\000r\000o\000b\000l\000e\000m\000s}{}% 36
\BOOKMARK [1][-]{section.916}{\376\377\000W\000r\000i\000t\000i\000n\000g\000\040\000a\000\040\000L\000O\000P\000\040\000i\000n\000\040\000M\000a\000t\000r\000i\000x\000\040\000F\000o\000r\000m}{chapter.915}% 37
\BOOKMARK [1][-]{section.956}{\376\377\000P\000e\000r\000f\000o\000r\000m\000i\000n\000g\000\040\000L\000O\000P\000\040\000M\000a\000t\000r\000i\000x\000\040\000O\000p\000e\000r\000a\000t\000i\000o\000n\000s\000\040\000u\000s\000i\000n\000g\000\040\000S\000o\000f\000t\000w\000a\000r\000e}{chapter.915}% 38
\BOOKMARK [1][-]{section.993}{\376\377\000P\000e\000r\000f\000o\000r\000m\000i\000n\000g\000\040\000t\000h\000e\000\040\000M\000a\000t\000r\000i\000x\000\040\000S\000i\000m\000p\000l\000e\000x\000\040\000M\000e\000t\000h\000o\000d}{chapter.915}% 39
\BOOKMARK [-1][-]{section*.1001}{\376\377\000A\000p\000p\000e\000n\000d\000i\000c\000e\000s}{}% 40
\BOOKMARK [0][-]{appendix.1002}{}{section*.1001}% 41
\BOOKMARK [0][-]{appendix.1003}{\376\377\000I\000n\000s\000t\000a\000l\000l\000i\000n\000g\000\040\000J\000u\000l\000i\000a}{section*.1001}% 42
\BOOKMARK [0][-]{appendix.1004}{\376\377\000M\000a\000n\000a\000g\000i\000n\000g\000\040\000P\000a\000c\000k\000a\000g\000e\000s\000\040\000i\000n\000\040\000J\000u\000l\000i\000a}{section*.1001}% 43
\BOOKMARK [-1][-]{section*.1005}{\376\377\000B\000a\000c\000k\000\040\000M\000a\000t\000t\000e\000r}{}% 44
